Archive member included to satisfy reference by file (symbol)

/opt/homebrew/Cellar/arm-none-eabi-gcc/10.3-2021.07/gcc/bin/../lib/gcc/arm-none-eabi/10.3.1/../../../../arm-none-eabi/lib/thumb/v7-m/nofp/libg.a(lib_a-errno.o)
                              CMakeFiles/1.elf.dir/Core/Src/syscalls.c.obj (__errno)
/opt/homebrew/Cellar/arm-none-eabi-gcc/10.3-2021.07/gcc/bin/../lib/gcc/arm-none-eabi/10.3.1/../../../../arm-none-eabi/lib/thumb/v7-m/nofp/libg.a(lib_a-exit.o)
                              /opt/homebrew/Cellar/arm-none-eabi-gcc/10.3-2021.07/gcc/bin/../lib/gcc/arm-none-eabi/10.3.1/../../../../arm-none-eabi/lib/thumb/v7-m/nofp/crt0.o (exit)
/opt/homebrew/Cellar/arm-none-eabi-gcc/10.3-2021.07/gcc/bin/../lib/gcc/arm-none-eabi/10.3.1/../../../../arm-none-eabi/lib/thumb/v7-m/nofp/libg.a(lib_a-impure.o)
                              /opt/homebrew/Cellar/arm-none-eabi-gcc/10.3-2021.07/gcc/bin/../lib/gcc/arm-none-eabi/10.3.1/../../../../arm-none-eabi/lib/thumb/v7-m/nofp/libg.a(lib_a-exit.o) (_global_impure_ptr)
/opt/homebrew/Cellar/arm-none-eabi-gcc/10.3-2021.07/gcc/bin/../lib/gcc/arm-none-eabi/10.3.1/../../../../arm-none-eabi/lib/thumb/v7-m/nofp/libg.a(lib_a-init.o)
                              /opt/homebrew/Cellar/arm-none-eabi-gcc/10.3-2021.07/gcc/bin/../lib/gcc/arm-none-eabi/10.3.1/../../../../arm-none-eabi/lib/thumb/v7-m/nofp/crt0.o (__libc_init_array)
/opt/homebrew/Cellar/arm-none-eabi-gcc/10.3-2021.07/gcc/bin/../lib/gcc/arm-none-eabi/10.3.1/../../../../arm-none-eabi/lib/thumb/v7-m/nofp/libg.a(lib_a-memset.o)
                              /opt/homebrew/Cellar/arm-none-eabi-gcc/10.3-2021.07/gcc/bin/../lib/gcc/arm-none-eabi/10.3.1/../../../../arm-none-eabi/lib/thumb/v7-m/nofp/crt0.o (memset)
/opt/homebrew/Cellar/arm-none-eabi-gcc/10.3-2021.07/gcc/bin/../lib/gcc/arm-none-eabi/10.3.1/../../../../arm-none-eabi/lib/thumb/v7-m/nofp/libg.a(lib_a-__call_atexit.o)
                              /opt/homebrew/Cellar/arm-none-eabi-gcc/10.3-2021.07/gcc/bin/../lib/gcc/arm-none-eabi/10.3.1/../../../../arm-none-eabi/lib/thumb/v7-m/nofp/libg.a(lib_a-exit.o) (__call_exitprocs)
/opt/homebrew/Cellar/arm-none-eabi-gcc/10.3-2021.07/gcc/bin/../lib/gcc/arm-none-eabi/10.3.1/../../../../arm-none-eabi/lib/thumb/v7-m/nofp/libg.a(lib_a-atexit.o)
                              /opt/homebrew/Cellar/arm-none-eabi-gcc/10.3-2021.07/gcc/bin/../lib/gcc/arm-none-eabi/10.3.1/../../../../arm-none-eabi/lib/thumb/v7-m/nofp/libg.a(lib_a-__call_atexit.o) (atexit)
/opt/homebrew/Cellar/arm-none-eabi-gcc/10.3-2021.07/gcc/bin/../lib/gcc/arm-none-eabi/10.3.1/../../../../arm-none-eabi/lib/thumb/v7-m/nofp/libg.a(lib_a-fini.o)
                              /opt/homebrew/Cellar/arm-none-eabi-gcc/10.3-2021.07/gcc/bin/../lib/gcc/arm-none-eabi/10.3.1/../../../../arm-none-eabi/lib/thumb/v7-m/nofp/libg.a(lib_a-__call_atexit.o) (__libc_fini_array)
/opt/homebrew/Cellar/arm-none-eabi-gcc/10.3-2021.07/gcc/bin/../lib/gcc/arm-none-eabi/10.3.1/../../../../arm-none-eabi/lib/thumb/v7-m/nofp/libg.a(lib_a-lock.o)
                              /opt/homebrew/Cellar/arm-none-eabi-gcc/10.3-2021.07/gcc/bin/../lib/gcc/arm-none-eabi/10.3.1/../../../../arm-none-eabi/lib/thumb/v7-m/nofp/libg.a(lib_a-__call_atexit.o) (__retarget_lock_acquire_recursive)
/opt/homebrew/Cellar/arm-none-eabi-gcc/10.3-2021.07/gcc/bin/../lib/gcc/arm-none-eabi/10.3.1/../../../../arm-none-eabi/lib/thumb/v7-m/nofp/libg.a(lib_a-__atexit.o)
                              /opt/homebrew/Cellar/arm-none-eabi-gcc/10.3-2021.07/gcc/bin/../lib/gcc/arm-none-eabi/10.3.1/../../../../arm-none-eabi/lib/thumb/v7-m/nofp/libg.a(lib_a-atexit.o) (__register_exitproc)

Discarded input sections

 .text          0x0000000000000000        0x0 /opt/homebrew/Cellar/arm-none-eabi-gcc/10.3-2021.07/gcc/bin/../lib/gcc/arm-none-eabi/10.3.1/thumb/v7-m/nofp/crti.o
 .data          0x0000000000000000        0x0 /opt/homebrew/Cellar/arm-none-eabi-gcc/10.3-2021.07/gcc/bin/../lib/gcc/arm-none-eabi/10.3.1/thumb/v7-m/nofp/crti.o
 .bss           0x0000000000000000        0x0 /opt/homebrew/Cellar/arm-none-eabi-gcc/10.3-2021.07/gcc/bin/../lib/gcc/arm-none-eabi/10.3.1/thumb/v7-m/nofp/crti.o
 .data          0x0000000000000000        0x4 /opt/homebrew/Cellar/arm-none-eabi-gcc/10.3-2021.07/gcc/bin/../lib/gcc/arm-none-eabi/10.3.1/thumb/v7-m/nofp/crtbegin.o
 .rodata        0x0000000000000000       0x24 /opt/homebrew/Cellar/arm-none-eabi-gcc/10.3-2021.07/gcc/bin/../lib/gcc/arm-none-eabi/10.3.1/thumb/v7-m/nofp/crtbegin.o
 .text          0x0000000000000000       0x7c /opt/homebrew/Cellar/arm-none-eabi-gcc/10.3-2021.07/gcc/bin/../lib/gcc/arm-none-eabi/10.3.1/../../../../arm-none-eabi/lib/thumb/v7-m/nofp/crt0.o
 .data          0x0000000000000000        0x0 /opt/homebrew/Cellar/arm-none-eabi-gcc/10.3-2021.07/gcc/bin/../lib/gcc/arm-none-eabi/10.3.1/../../../../arm-none-eabi/lib/thumb/v7-m/nofp/crt0.o
[...]
Memory Configuration

Name             Origin             Length             Attributes
RAM              0x0000000020000000 0x000000000000c000 xrw
FLASH            0x0000000008000000 0x0000000000040000 xr
*default*        0x0000000000000000 0xffffffffffffffff

Linker script and memory map

LOAD /opt/homebrew/Cellar/arm-none-eabi-gcc/10.3-2021.07/gcc/bin/../lib/gcc/arm-none-eabi/10.3.1/thumb/v7-m/nofp/crti.o
LOAD /opt/homebrew/Cellar/arm-none-eabi-gcc/10.3-2021.07/gcc/bin/../lib/gcc/arm-none-eabi/10.3.1/thumb/v7-m/nofp/crtbegin.o
LOAD /opt/homebrew/Cellar/arm-none-eabi-gcc/10.3-2021.07/gcc/bin/../lib/gcc/arm-none-eabi/10.3.1/../../../../arm-none-eabi/lib/thumb/v7-m/nofp/crt0.o
LOAD CMakeFiles/1.elf.dir/Core/Src/main.c.obj
LOAD CMakeFiles/1.elf.dir/Core/Src/stm32f1xx_hal_msp.c.obj
LOAD CMakeFiles/1.elf.dir/Core/Src/stm32f1xx_it.c.obj
LOAD CMakeFiles/1.elf.dir/Core/Src/syscalls.c.obj
LOAD CMakeFiles/1.elf.dir/Core/Src/sysmem.c.obj
LOAD CMakeFiles/1.elf.dir/Core/Src/system_stm32f1xx.c.obj
LOAD CMakeFiles/1.elf.dir/Core/Startup/startup_stm32f103zctx.s.obj
LOAD CMakeFiles/1.elf.dir/Drivers/STM32F1xx_HAL_Driver/Src/stm32f1xx_hal.c.obj
LOAD CMakeFiles/1.elf.dir/Drivers/STM32F1xx_HAL_Driver/Src/stm32f1xx_hal_cortex.c.obj
LOAD CMakeFiles/1.elf.dir/Drivers/STM32F1xx_HAL_Driver/Src/stm32f1xx_hal_dma.c.obj
LOAD CMakeFiles/1.elf.dir/Drivers/STM32F1xx_HAL_Driver/Src/stm32f1xx_hal_exti.c.obj
LOAD CMakeFiles/1.elf.dir/Drivers/STM32F1xx_HAL_Driver/Src/stm32f1xx_hal_flash.c.obj
LOAD CMakeFiles/1.elf.dir/Drivers/STM32F1xx_HAL_Driver/Src/stm32f1xx_hal_flash_ex.c.obj
LOAD CMakeFiles/1.elf.dir/Drivers/STM32F1xx_HAL_Driver/Src/stm32f1xx_hal_gpio.c.obj
LOAD CMakeFiles/1.elf.dir/Drivers/STM32F1xx_HAL_Driver/Src/stm32f1xx_hal_gpio_ex.c.obj
LOAD CMakeFiles/1.elf.dir/Drivers/STM32F1xx_HAL_Driver/Src/stm32f1xx_hal_pwr.c.obj
LOAD CMakeFiles/1.elf.dir/Drivers/STM32F1xx_HAL_Driver/Src/stm32f1xx_hal_rcc.c.obj
LOAD CMakeFiles/1.elf.dir/Drivers/STM32F1xx_HAL_Driver/Src/stm32f1xx_hal_rcc_ex.c.obj
LOAD CMakeFiles/1.elf.dir/Drivers/STM32F1xx_HAL_Driver/Src/stm32f1xx_hal_tim.c.obj
LOAD CMakeFiles/1.elf.dir/Drivers/STM32F1xx_HAL_Driver/Src/stm32f1xx_hal_tim_ex.c.obj
LOAD CMakeFiles/1.elf.dir/Drivers/STM32F1xx_HAL_Driver/Src/stm32f1xx_hal_uart.c.obj
START GROUP
LOAD /opt/homebrew/Cellar/arm-none-eabi-gcc/10.3-2021.07/gcc/bin/../lib/gcc/arm-none-eabi/10.3.1/thumb/v7-m/nofp/libgcc.a
LOAD /opt/homebrew/Cellar/arm-none-eabi-gcc/10.3-2021.07/gcc/bin/../lib/gcc/arm-none-eabi/10.3.1/../../../../arm-none-eabi/lib/thumb/v7-m/nofp/libg.a
LOAD /opt/homebrew/Cellar/arm-none-eabi-gcc/10.3-2021.07/gcc/bin/../lib/gcc/arm-none-eabi/10.3.1/../../../../arm-none-eabi/lib/thumb/v7-m/nofp/libc.a
END GROUP
LOAD /opt/homebrew/Cellar/arm-none-eabi-gcc/10.3-2021.07/gcc/bin/../lib/gcc/arm-none-eabi/10.3.1/thumb/v7-m/nofp/crtend.o
LOAD /opt/homebrew/Cellar/arm-none-eabi-gcc/10.3-2021.07/gcc/bin/../lib/gcc/arm-none-eabi/10.3.1/thumb/v7-m/nofp/crtn.o
                0x000000002000c000                _estack = (ORIGIN (RAM) + LENGTH (RAM))
                0x0000000000000200                _Min_Heap_Size = 0x200
                0x0000000000000400                _Min_Stack_Size = 0x400

.isr_vector     0x0000000008000000      0x1e4
                0x0000000008000000                . = ALIGN (0x4)
 *(.isr_vector)
 .isr_vector    0x0000000008000000      0x1e4 CMakeFiles/1.elf.dir/Core/Startup/startup_stm32f103zctx.s.obj
                0x0000000008000000                g_pfnVectors
                0x00000000080001e4                . = ALIGN (0x4)

.text           0x00000000080001e4      0xf80
                0x00000000080001e4                . = ALIGN (0x4)
 *(.text)
 .text          0x00000000080001e4       0x40 /opt/homebrew/Cellar/arm-none-eabi-gcc/10.3-2021.07/gcc/bin/../lib/gcc/arm-none-eabi/10.3.1/thumb/v7-m/nofp/crtbegin.o
 *(.text*)
 .text.MX_GPIO_Init
                0x0000000008000224       0x68 CMakeFiles/1.elf.dir/Core/Src/main.c.obj
 .text.Error_Handler
                0x000000000800028c        0x4 CMakeFiles/1.elf.dir/Core/Src/main.c.obj
                0x000000000800028c                Error_Handler
 .text.MX_USART1_UART_Init
                0x0000000008000290       0x34 CMakeFiles/1.elf.dir/Core/Src/main.c.obj
 .text.SystemClock_Config
                0x00000000080002c4       0x64 CMakeFiles/1.elf.dir/Core/Src/main.c.obj
                0x00000000080002c4                SystemClock_Config
 .text.main     0x0000000008000328       0x34 CMakeFiles/1.elf.dir/Core/Src/main.c.obj
                0x0000000008000328                main
 .text.HAL_MspInit
                0x000000000800035c       0x44 CMakeFiles/1.elf.dir/Core/Src/stm32f1xx_hal_msp.c.obj
                0x000000000800035c                HAL_MspInit
 .text.HAL_UART_MspInit
                0x00000000080003a0       0x78 CMakeFiles/1.elf.dir/Core/Src/stm32f1xx_hal_msp.c.obj
                0x00000000080003a0                HAL_UART_MspInit
 .text.NMI_Handler
                0x0000000008000418        0x2 CMakeFiles/1.elf.dir/Core/Src/stm32f1xx_it.c.obj
                0x0000000008000418                NMI_Handler
 .text.HardFault_Handler
                0x000000000800041a        0x2 CMakeFiles/1.elf.dir/Core/Src/stm32f1xx_it.c.obj
                0x000000000800041a                HardFault_Handler
 .text.MemManage_Handler
                0x000000000800041c        0x2 CMakeFiles/1.elf.dir/Core/Src/stm32f1xx_it.c.obj
                0x000000000800041c                MemManage_Handler
 .text.BusFault_Handler
                0x000000000800041e        0x2 CMakeFiles/1.elf.dir/Core/Src/stm32f1xx_it.c.obj
                0x000000000800041e                BusFault_Handler
 .text.UsageFault_Handler
                0x0000000008000420        0x2 CMakeFiles/1.elf.dir/Core/Src/stm32f1xx_it.c.obj
                0x0000000008000420                UsageFault_Handler
 .text.SVC_Handler
                0x0000000008000422        0x2 CMakeFiles/1.elf.dir/Core/Src/stm32f1xx_it.c.obj
                0x0000000008000422                SVC_Handler
 .text.DebugMon_Handler
                0x0000000008000424        0x2 CMakeFiles/1.elf.dir/Core/Src/stm32f1xx_it.c.obj
                0x0000000008000424                DebugMon_Handler
 .text.PendSV_Handler
                0x0000000008000426        0x2 CMakeFiles/1.elf.dir/Core/Src/stm32f1xx_it.c.obj
                0x0000000008000426                PendSV_Handler
 .text.SysTick_Handler
                0x0000000008000428        0x8 CMakeFiles/1.elf.dir/Core/Src/stm32f1xx_it.c.obj
                0x0000000008000428                SysTick_Handler
 .text.SystemInit
                0x0000000008000430        0x2 CMakeFiles/1.elf.dir/Core/Src/system_stm32f1xx.c.obj
                0x0000000008000430                SystemInit
 *fill*         0x0000000008000432        0x2 
 .text.Reset_Handler
                0x0000000008000434       0x48 CMakeFiles/1.elf.dir/Core/Startup/startup_stm32f103zctx.s.obj
                0x0000000008000434                Reset_Handler
 .text.Default_Handler
                0x000000000800047c        0x2 CMakeFiles/1.elf.dir/Core/Startup/startup_stm32f103zctx.s.obj
                0x000000000800047c                DMA2_Channel3_IRQHandler
                0x000000000800047c                EXTI2_IRQHandler
                0x000000000800047c                TIM8_TRG_COM_IRQHandler
                0x000000000800047c                TIM8_CC_IRQHandler
                0x000000000800047c                TIM1_CC_IRQHandler
                0x000000000800047c                TIM6_IRQHandler
                0x000000000800047c                PVD_IRQHandler
                0x000000000800047c                SDIO_IRQHandler
                0x000000000800047c                EXTI3_IRQHandler
                0x000000000800047c                EXTI0_IRQHandler
                0x000000000800047c                I2C2_EV_IRQHandler
                0x000000000800047c                ADC1_2_IRQHandler
                0x000000000800047c                SPI1_IRQHandler
                0x000000000800047c                TAMPER_IRQHandler
                0x000000000800047c                TIM8_UP_IRQHandler
                0x000000000800047c                DMA2_Channel2_IRQHandler
                0x000000000800047c                DMA1_Channel4_IRQHandler
                0x000000000800047c                USART3_IRQHandler
                0x000000000800047c                RTC_IRQHandler
                0x000000000800047c                DMA1_Channel7_IRQHandler
                0x000000000800047c                CAN1_RX1_IRQHandler
                0x000000000800047c                UART5_IRQHandler
                0x000000000800047c                ADC3_IRQHandler
                0x000000000800047c                TIM4_IRQHandler
                0x000000000800047c                DMA2_Channel1_IRQHandler
                0x000000000800047c                I2C1_EV_IRQHandler
                0x000000000800047c                DMA1_Channel6_IRQHandler
                0x000000000800047c                UART4_IRQHandler
                0x000000000800047c                TIM3_IRQHandler
                0x000000000800047c                RCC_IRQHandler
                0x000000000800047c                TIM1_TRG_COM_IRQHandler
                0x000000000800047c                DMA1_Channel1_IRQHandler
                0x000000000800047c                Default_Handler
                0x000000000800047c                EXTI15_10_IRQHandler
                0x000000000800047c                TIM7_IRQHandler
                0x000000000800047c                TIM5_IRQHandler
                0x000000000800047c                EXTI9_5_IRQHandler
                0x000000000800047c                SPI2_IRQHandler
                0x000000000800047c                DMA1_Channel5_IRQHandler
                0x000000000800047c                EXTI4_IRQHandler
                0x000000000800047c                USB_LP_CAN1_RX0_IRQHandler
                0x000000000800047c                USB_HP_CAN1_TX_IRQHandler
                0x000000000800047c                DMA1_Channel3_IRQHandler
                0x000000000800047c                FSMC_IRQHandler
                0x000000000800047c                TIM1_UP_IRQHandler
                0x000000000800047c                WWDG_IRQHandler
                0x000000000800047c                TIM2_IRQHandler
                0x000000000800047c                TIM1_BRK_IRQHandler
                0x000000000800047c                EXTI1_IRQHandler
                0x000000000800047c                DMA2_Channel4_5_IRQHandler
                0x000000000800047c                USART2_IRQHandler
                0x000000000800047c                I2C2_ER_IRQHandler
                0x000000000800047c                DMA1_Channel2_IRQHandler
                0x000000000800047c                TIM8_BRK_IRQHandler
                0x000000000800047c                CAN1_SCE_IRQHandler
                0x000000000800047c                FLASH_IRQHandler
                0x000000000800047c                USART1_IRQHandler
                0x000000000800047c                SPI3_IRQHandler
                0x000000000800047c                I2C1_ER_IRQHandler
                0x000000000800047c                USBWakeUp_IRQHandler
                0x000000000800047c                RTC_Alarm_IRQHandler
 *fill*         0x000000000800047e        0x2 
 .text.HAL_InitTick
                0x0000000008000480       0x4c CMakeFiles/1.elf.dir/Drivers/STM32F1xx_HAL_Driver/Src/stm32f1xx_hal.c.obj
                0x0000000008000480                HAL_InitTick
 .text.HAL_Init
                0x00000000080004cc       0x24 CMakeFiles/1.elf.dir/Drivers/STM32F1xx_HAL_Driver/Src/stm32f1xx_hal.c.obj
                0x00000000080004cc                HAL_Init
 .text.HAL_IncTick
                0x00000000080004f0       0x18 CMakeFiles/1.elf.dir/Drivers/STM32F1xx_HAL_Driver/Src/stm32f1xx_hal.c.obj
                0x00000000080004f0                HAL_IncTick
 .text.HAL_GetTick
                0x0000000008000508        0xc CMakeFiles/1.elf.dir/Drivers/STM32F1xx_HAL_Driver/Src/stm32f1xx_hal.c.obj
                0x0000000008000508                HAL_GetTick
 .text.HAL_Delay
                0x0000000008000514       0x28 CMakeFiles/1.elf.dir/Drivers/STM32F1xx_HAL_Driver/Src/stm32f1xx_hal.c.obj
                0x0000000008000514                HAL_Delay
 .text.HAL_NVIC_SetPriorityGrouping
                0x000000000800053c       0x24 CMakeFiles/1.elf.dir/Drivers/STM32F1xx_HAL_Driver/Src/stm32f1xx_hal_cortex.c.obj
                0x000000000800053c                HAL_NVIC_SetPriorityGrouping
 .text.HAL_NVIC_SetPriority
                0x0000000008000560       0x70 CMakeFiles/1.elf.dir/Drivers/STM32F1xx_HAL_Driver/Src/stm32f1xx_hal_cortex.c.obj
                0x0000000008000560                HAL_NVIC_SetPriority
 .text.HAL_SYSTICK_Config
                0x00000000080005d0       0x28 CMakeFiles/1.elf.dir/Drivers/STM32F1xx_HAL_Driver/Src/stm32f1xx_hal_cortex.c.obj
                0x00000000080005d0                HAL_SYSTICK_Config
 .text.HAL_GPIO_Init
                0x00000000080005f8      0x240 CMakeFiles/1.elf.dir/Drivers/STM32F1xx_HAL_Driver/Src/stm32f1xx_hal_gpio.c.obj
                0x00000000080005f8                HAL_GPIO_Init
 .text.HAL_GPIO_WritePin
                0x0000000008000838        0xc CMakeFiles/1.elf.dir/Drivers/STM32F1xx_HAL_Driver/Src/stm32f1xx_hal_gpio.c.obj
                0x0000000008000838                HAL_GPIO_WritePin
 .text.RCC_Delay
                0x0000000008000844       0x2c CMakeFiles/1.elf.dir/Drivers/STM32F1xx_HAL_Driver/Src/stm32f1xx_hal_rcc.c.obj
 .text.HAL_RCC_OscConfig
                0x0000000008000870      0x410 CMakeFiles/1.elf.dir/Drivers/STM32F1xx_HAL_Driver/Src/stm32f1xx_hal_rcc.c.obj
                0x0000000008000870                HAL_RCC_OscConfig
 .text.HAL_RCC_GetSysClockFreq
                0x0000000008000c80       0x54 CMakeFiles/1.elf.dir/Drivers/STM32F1xx_HAL_Driver/Src/stm32f1xx_hal_rcc.c.obj
                0x0000000008000c80                HAL_RCC_GetSysClockFreq
 .text.HAL_RCC_ClockConfig
                0x0000000008000cd4      0x16c CMakeFiles/1.elf.dir/Drivers/STM32F1xx_HAL_Driver/Src/stm32f1xx_hal_rcc.c.obj
                0x0000000008000cd4                HAL_RCC_ClockConfig
 .text.HAL_RCC_GetHCLKFreq
                0x0000000008000e40        0xc CMakeFiles/1.elf.dir/Drivers/STM32F1xx_HAL_Driver/Src/stm32f1xx_hal_rcc.c.obj
                0x0000000008000e40                HAL_RCC_GetHCLKFreq
 .text.HAL_RCC_GetPCLK1Freq
                0x0000000008000e4c       0x20 CMakeFiles/1.elf.dir/Drivers/STM32F1xx_HAL_Driver/Src/stm32f1xx_hal_rcc.c.obj
                0x0000000008000e4c                HAL_RCC_GetPCLK1Freq
 .text.HAL_RCC_GetPCLK2Freq
                0x0000000008000e6c       0x20 CMakeFiles/1.elf.dir/Drivers/STM32F1xx_HAL_Driver/Src/stm32f1xx_hal_rcc.c.obj
                0x0000000008000e6c                HAL_RCC_GetPCLK2Freq
 .text.UART_SetConfig
                0x0000000008000e8c       0x94 CMakeFiles/1.elf.dir/Drivers/STM32F1xx_HAL_Driver/Src/stm32f1xx_hal_uart.c.obj
 .text.HAL_UART_Init
                0x0000000008000f20       0x60 CMakeFiles/1.elf.dir/Drivers/STM32F1xx_HAL_Driver/Src/stm32f1xx_hal_uart.c.obj
                0x0000000008000f20                HAL_UART_Init
 .text.__libc_init_array
                0x0000000008000f80       0x48 /opt/homebrew/Cellar/arm-none-eabi-gcc/10.3-2021.07/gcc/bin/../lib/gcc/arm-none-eabi/10.3.1/../../../../arm-none-eabi/lib/thumb/v7-m/nofp/libg.a(lib_a-init.o)
                0x0000000008000f80                __libc_init_array
 .text.memset   0x0000000008000fc8       0xa4 /opt/homebrew/Cellar/arm-none-eabi-gcc/10.3-2021.07/gcc/bin/../lib/gcc/arm-none-eabi/10.3.1/../../../../arm-none-eabi/lib/thumb/v7-m/nofp/libg.a(lib_a-memset.o)
                0x0000000008000fc8                memset
 .text.startup.register_fini
                0x000000000800106c       0x14 /opt/homebrew/Cellar/arm-none-eabi-gcc/10.3-2021.07/gcc/bin/../lib/gcc/arm-none-eabi/10.3.1/../../../../arm-none-eabi/lib/thumb/v7-m/nofp/libg.a(lib_a-__call_atexit.o)
 .text.atexit   0x0000000008001080        0xc /opt/homebrew/Cellar/arm-none-eabi-gcc/10.3-2021.07/gcc/bin/../lib/gcc/arm-none-eabi/10.3.1/../../../../arm-none-eabi/lib/thumb/v7-m/nofp/libg.a(lib_a-atexit.o)
                0x0000000008001080                atexit
 .text.__libc_fini_array
                0x000000000800108c       0x2c /opt/homebrew/Cellar/arm-none-eabi-gcc/10.3-2021.07/gcc/bin/../lib/gcc/arm-none-eabi/10.3.1/../../../../arm-none-eabi/lib/thumb/v7-m/nofp/libg.a(lib_a-fini.o)
                0x000000000800108c                __libc_fini_array
 .text.__retarget_lock_acquire_recursive
                0x00000000080010b8        0x4 /opt/homebrew/Cellar/arm-none-eabi-gcc/10.3-2021.07/gcc/bin/../lib/gcc/arm-none-eabi/10.3.1/../../../../arm-none-eabi/lib/thumb/v7-m/nofp/libg.a(lib_a-lock.o)
                0x00000000080010b8                __retarget_lock_acquire_recursive
 .text.__retarget_lock_release_recursive
                0x00000000080010bc        0x4 /opt/homebrew/Cellar/arm-none-eabi-gcc/10.3-2021.07/gcc/bin/../lib/gcc/arm-none-eabi/10.3.1/../../../../arm-none-eabi/lib/thumb/v7-m/nofp/libg.a(lib_a-lock.o)
                0x00000000080010bc                __retarget_lock_release_recursive
 .text.__register_exitproc
                0x00000000080010c0       0x8c /opt/homebrew/Cellar/arm-none-eabi-gcc/10.3-2021.07/gcc/bin/../lib/gcc/arm-none-eabi/10.3.1/../../../../arm-none-eabi/lib/thumb/v7-m/nofp/libg.a(lib_a-__atexit.o)
                0x00000000080010c0                __register_exitproc
 *(.glue_7)
 .glue_7        0x000000000800114c        0x0 linker stubs
 *(.glue_7t)
 .glue_7t       0x000000000800114c        0x0 linker stubs
 *(.eh_frame)
 .eh_frame      0x000000000800114c        0x0 /opt/homebrew/Cellar/arm-none-eabi-gcc/10.3-2021.07/gcc/bin/../lib/gcc/arm-none-eabi/10.3.1/thumb/v7-m/nofp/crtbegin.o
 *(.init)
 .init          0x000000000800114c        0x4 /opt/homebrew/Cellar/arm-none-eabi-gcc/10.3-2021.07/gcc/bin/../lib/gcc/arm-none-eabi/10.3.1/thumb/v7-m/nofp/crti.o
                0x000000000800114c                _init
 .init          0x0000000008001150        0x8 /opt/homebrew/Cellar/arm-none-eabi-gcc/10.3-2021.07/gcc/bin/../lib/gcc/arm-none-eabi/10.3.1/thumb/v7-m/nofp/crtn.o
 *(.fini)
 .fini          0x0000000008001158        0x4 /opt/homebrew/Cellar/arm-none-eabi-gcc/10.3-2021.07/gcc/bin/../lib/gcc/arm-none-eabi/10.3.1/thumb/v7-m/nofp/crti.o
                0x0000000008001158                _fini
 .fini          0x000000000800115c        0x8 /opt/homebrew/Cellar/arm-none-eabi-gcc/10.3-2021.07/gcc/bin/../lib/gcc/arm-none-eabi/10.3.1/thumb/v7-m/nofp/crtn.o
                0x0000000008001164                . = ALIGN (0x4)
                0x0000000008001164                _etext = .

.vfp11_veneer   0x0000000008001164        0x0
 .vfp11_veneer  0x0000000008001164        0x0 linker stubs

.v4_bx          0x0000000008001164        0x0
 .v4_bx         0x0000000008001164        0x0 linker stubs

.iplt           0x0000000008001164        0x0
 .iplt          0x0000000008001164        0x0 /opt/homebrew/Cellar/arm-none-eabi-gcc/10.3-2021.07/gcc/bin/../lib/gcc/arm-none-eabi/10.3.1/thumb/v7-m/nofp/crtbegin.o

.rodata         0x0000000008001164       0x30
                0x0000000008001164                . = ALIGN (0x4)
 *(.rodata)
 *(.rodata*)
 .rodata.AHBPrescTable
                0x0000000008001164       0x10 CMakeFiles/1.elf.dir/Core/Src/system_stm32f1xx.c.obj
                0x0000000008001164                AHBPrescTable
 .rodata.APBPrescTable
                0x0000000008001174        0x8 CMakeFiles/1.elf.dir/Core/Src/system_stm32f1xx.c.obj
                0x0000000008001174                APBPrescTable
 .rodata.aPLLMULFactorTable.1
                0x000000000800117c       0x10 CMakeFiles/1.elf.dir/Drivers/STM32F1xx_HAL_Driver/Src/stm32f1xx_hal_rcc.c.obj
 .rodata.aPredivFactorTable.0
                0x000000000800118c        0x2 CMakeFiles/1.elf.dir/Drivers/STM32F1xx_HAL_Driver/Src/stm32f1xx_hal_rcc.c.obj
 *fill*         0x000000000800118e        0x2 
 .rodata._global_impure_ptr
                0x0000000008001190        0x4 /opt/homebrew/Cellar/arm-none-eabi-gcc/10.3-2021.07/gcc/bin/../lib/gcc/arm-none-eabi/10.3.1/../../../../arm-none-eabi/lib/thumb/v7-m/nofp/libg.a(lib_a-impure.o)
                0x0000000008001190                _global_impure_ptr
                0x0000000008001194                . = ALIGN (0x4)

.rel.dyn        0x0000000008001194        0x0
 .rel.iplt      0x0000000008001194        0x0 /opt/homebrew/Cellar/arm-none-eabi-gcc/10.3-2021.07/gcc/bin/../lib/gcc/arm-none-eabi/10.3.1/thumb/v7-m/nofp/crtbegin.o

.ARM.extab      0x0000000008001194        0x0
                0x0000000008001194                . = ALIGN (0x4)
 *(.ARM.extab* .gnu.linkonce.armextab.*)
                0x0000000008001194                . = ALIGN (0x4)

.ARM            0x0000000008001194        0x0
                0x0000000008001194                . = ALIGN (0x4)
                0x0000000008001194                __exidx_start = .
 *(.ARM.exidx*)
                0x0000000008001194                __exidx_end = .
                0x0000000008001194                . = ALIGN (0x4)

.preinit_array  0x0000000008001194        0x0
                0x0000000008001194                . = ALIGN (0x4)
                0x0000000008001194                PROVIDE (__preinit_array_start = .)
 *(.preinit_array*)
                0x0000000008001194                PROVIDE (__preinit_array_end = .)
                0x0000000008001194                . = ALIGN (0x4)

.init_array     0x0000000008001194        0x8
                0x0000000008001194                . = ALIGN (0x4)
                0x0000000008001194                PROVIDE (__init_array_start = .)
 *(SORT_BY_NAME(.init_array.*))
 .init_array.00000
                0x0000000008001194        0x4 /opt/homebrew/Cellar/arm-none-eabi-gcc/10.3-2021.07/gcc/bin/../lib/gcc/arm-none-eabi/10.3.1/../../../../arm-none-eabi/lib/thumb/v7-m/nofp/libg.a(lib_a-__call_atexit.o)
 *(.init_array*)
 .init_array    0x0000000008001198        0x4 /opt/homebrew/Cellar/arm-none-eabi-gcc/10.3-2021.07/gcc/bin/../lib/gcc/arm-none-eabi/10.3.1/thumb/v7-m/nofp/crtbegin.o
                0x000000000800119c                PROVIDE (__init_array_end = .)
                0x000000000800119c                . = ALIGN (0x4)

.fini_array     0x000000000800119c        0x4
                0x000000000800119c                . = ALIGN (0x4)
                0x000000000800119c                PROVIDE (__fini_array_start = .)
 *(SORT_BY_NAME(.fini_array.*))
 *(.fini_array*)
 .fini_array    0x000000000800119c        0x4 /opt/homebrew/Cellar/arm-none-eabi-gcc/10.3-2021.07/gcc/bin/../lib/gcc/arm-none-eabi/10.3.1/thumb/v7-m/nofp/crtbegin.o
                0x00000000080011a0                PROVIDE (__fini_array_end = .)
                0x00000000080011a0                . = ALIGN (0x4)
                0x00000000080011a0                _sidata = LOADADDR (.data)

.data           0x0000000020000000      0x43c load address 0x00000000080011a0
                0x0000000020000000                . = ALIGN (0x4)
                0x0000000020000000                _sdata = .
 *(.data)
 *(.data*)
 .data.SystemCoreClock
                0x0000000020000000        0x4 CMakeFiles/1.elf.dir/Core/Src/system_stm32f1xx.c.obj
                0x0000000020000000                SystemCoreClock
 .data.uwTickFreq
                0x0000000020000004        0x1 CMakeFiles/1.elf.dir/Drivers/STM32F1xx_HAL_Driver/Src/stm32f1xx_hal.c.obj
                0x0000000020000004                uwTickFreq
 *fill*         0x0000000020000005        0x3 
 .data.uwTickPrio
                0x0000000020000008        0x4 CMakeFiles/1.elf.dir/Drivers/STM32F1xx_HAL_Driver/Src/stm32f1xx_hal.c.obj
                0x0000000020000008                uwTickPrio
 *fill*         0x000000002000000c        0x4 
 .data.impure_data
                0x0000000020000010      0x428 /opt/homebrew/Cellar/arm-none-eabi-gcc/10.3-2021.07/gcc/bin/../lib/gcc/arm-none-eabi/10.3.1/../../../../arm-none-eabi/lib/thumb/v7-m/nofp/libg.a(lib_a-impure.o)
 .data.__atexit_recursive_mutex
                0x0000000020000438        0x4 /opt/homebrew/Cellar/arm-none-eabi-gcc/10.3-2021.07/gcc/bin/../lib/gcc/arm-none-eabi/10.3.1/../../../../arm-none-eabi/lib/thumb/v7-m/nofp/libg.a(lib_a-__call_atexit.o)
                0x0000000020000438                __atexit_recursive_mutex
 *(.RamFunc)
 *(.RamFunc*)
                0x000000002000043c                . = ALIGN (0x4)
                0x000000002000043c                _edata = .

.igot.plt       0x000000002000043c        0x0 load address 0x00000000080015dc
 .igot.plt      0x000000002000043c        0x0 /opt/homebrew/Cellar/arm-none-eabi-gcc/10.3-2021.07/gcc/bin/../lib/gcc/arm-none-eabi/10.3.1/thumb/v7-m/nofp/crtbegin.o
                0x000000002000043c                . = ALIGN (0x4)

.bss            0x000000002000043c       0x6c load address 0x00000000080015dc
                0x000000002000043c                _sbss = .
                0x000000002000043c                __bss_start__ = _sbss
 *(.bss)
 .bss           0x000000002000043c       0x1c /opt/homebrew/Cellar/arm-none-eabi-gcc/10.3-2021.07/gcc/bin/../lib/gcc/arm-none-eabi/10.3.1/thumb/v7-m/nofp/crtbegin.o
 *(.bss*)
 .bss.huart1    0x0000000020000458       0x48 CMakeFiles/1.elf.dir/Core/Src/main.c.obj
                0x0000000020000458                huart1
 .bss.uwTick    0x00000000200004a0        0x4 CMakeFiles/1.elf.dir/Drivers/STM32F1xx_HAL_Driver/Src/stm32f1xx_hal.c.obj
                0x00000000200004a0                uwTick
 .bss.__lock___atexit_recursive_mutex
                0x00000000200004a4        0x1 /opt/homebrew/Cellar/arm-none-eabi-gcc/10.3-2021.07/gcc/bin/../lib/gcc/arm-none-eabi/10.3.1/../../../../arm-none-eabi/lib/thumb/v7-m/nofp/libg.a(lib_a-lock.o)
                0x00000000200004a4                __lock___atexit_recursive_mutex
 *(COMMON)
                0x00000000200004a8                . = ALIGN (0x4)
 *fill*         0x00000000200004a5        0x3 
                0x00000000200004a8                _ebss = .
                0x00000000200004a8                __bss_end__ = _ebss

._user_heap_stack
                0x00000000200004a8      0x600 load address 0x00000000080015dc
                0x00000000200004a8                . = ALIGN (0x8)
                [!provide]                        PROVIDE (end = .)
                0x00000000200004a8                PROVIDE (_end = .)
                0x00000000200006a8                . = (. + _Min_Heap_Size)
 *fill*         0x00000000200004a8      0x200 
                0x0000000020000aa8                . = (. + _Min_Stack_Size)
 *fill*         0x00000000200006a8      0x400 
                0x0000000020000aa8                . = ALIGN (0x8)

/DISCARD/
 libc.a(*)
 libm.a(*)
 libgcc.a(*)

.ARM.attributes
                0x0000000000000000       0x29
 *(.ARM.attributes)
 .ARM.attributes
                0x0000000000000000       0x1d /opt/homebrew/Cellar/arm-none-eabi-gcc/10.3-2021.07/gcc/bin/../lib/gcc/arm-none-eabi/10.3.1/thumb/v7-m/nofp/crti.o
 .ARM.attributes
                0x000000000000001d       0x2d /opt/homebrew/Cellar/arm-none-eabi-gcc/10.3-2021.07/gcc/bin/../lib/gcc/arm-none-eabi/10.3.1/thumb/v7-m/nofp/crtbegin.o
 .ARM.attributes
                0x000000000000004a       0x2d CMakeFiles/1.elf.dir/Core/Src/main.c.obj
 .ARM.attributes
                0x0000000000000077       0x2d CMakeFiles/1.elf.dir/Core/Src/stm32f1xx_hal_msp.c.obj
 .ARM.attributes
                0x00000000000000a4       0x2d CMakeFiles/1.elf.dir/Core/Src/stm32f1xx_it.c.obj
 .ARM.attributes
                0x00000000000000d1       0x2d CMakeFiles/1.elf.dir/Core/Src/system_stm32f1xx.c.obj
 .ARM.attributes
                0x00000000000000fe       0x21 CMakeFiles/1.elf.dir/Core/Startup/startup_stm32f103zctx.s.obj
 .ARM.attributes
                0x000000000000011f       0x2d CMakeFiles/1.elf.dir/Drivers/STM32F1xx_HAL_Driver/Src/stm32f1xx_hal.c.obj
 .ARM.attributes
                0x000000000000014c       0x2d CMakeFiles/1.elf.dir/Drivers/STM32F1xx_HAL_Driver/Src/stm32f1xx_hal_cortex.c.obj
 .ARM.attributes
                0x0000000000000179       0x2d CMakeFiles/1.elf.dir/Drivers/STM32F1xx_HAL_Driver/Src/stm32f1xx_hal_gpio.c.obj
 .ARM.attributes
                0x00000000000001a6       0x2d CMakeFiles/1.elf.dir/Drivers/STM32F1xx_HAL_Driver/Src/stm32f1xx_hal_rcc.c.obj
 .ARM.attributes
                0x00000000000001d3       0x2d CMakeFiles/1.elf.dir/Drivers/STM32F1xx_HAL_Driver/Src/stm32f1xx_hal_uart.c.obj
 .ARM.attributes
                0x0000000000000200       0x2d /opt/homebrew/Cellar/arm-none-eabi-gcc/10.3-2021.07/gcc/bin/../lib/gcc/arm-none-eabi/10.3.1/../../../../arm-none-eabi/lib/thumb/v7-m/nofp/libg.a(lib_a-impure.o)
 .ARM.attributes
                0x000000000000022d       0x2d /opt/homebrew/Cellar/arm-none-eabi-gcc/10.3-2021.07/gcc/bin/../lib/gcc/arm-none-eabi/10.3.1/../../../../arm-none-eabi/lib/thumb/v7-m/nofp/libg.a(lib_a-init.o)
 .ARM.attributes
                0x000000000000025a       0x2d /opt/homebrew/Cellar/arm-none-eabi-gcc/10.3-2021.07/gcc/bin/../lib/gcc/arm-none-eabi/10.3.1/../../../../arm-none-eabi/lib/thumb/v7-m/nofp/libg.a(lib_a-memset.o)
 .ARM.attributes
                0x0000000000000287       0x2d /opt/homebrew/Cellar/arm-none-eabi-gcc/10.3-2021.07/gcc/bin/../lib/gcc/arm-none-eabi/10.3.1/../../../../arm-none-eabi/lib/thumb/v7-m/nofp/libg.a(lib_a-__call_atexit.o)
 .ARM.attributes
                0x00000000000002b4       0x2d /opt/homebrew/Cellar/arm-none-eabi-gcc/10.3-2021.07/gcc/bin/../lib/gcc/arm-none-eabi/10.3.1/../../../../arm-none-eabi/lib/thumb/v7-m/nofp/libg.a(lib_a-atexit.o)
 .ARM.attributes
                0x00000000000002e1       0x2d /opt/homebrew/Cellar/arm-none-eabi-gcc/10.3-2021.07/gcc/bin/../lib/gcc/arm-none-eabi/10.3.1/../../../../arm-none-eabi/lib/thumb/v7-m/nofp/libg.a(lib_a-fini.o)
 .ARM.attributes
                0x000000000000030e       0x2d /opt/homebrew/Cellar/arm-none-eabi-gcc/10.3-2021.07/gcc/bin/../lib/gcc/arm-none-eabi/10.3.1/../../../../arm-none-eabi/lib/thumb/v7-m/nofp/libg.a(lib_a-lock.o)
 .ARM.attributes
                0x000000000000033b       0x2d /opt/homebrew/Cellar/arm-none-eabi-gcc/10.3-2021.07/gcc/bin/../lib/gcc/arm-none-eabi/10.3.1/../../../../arm-none-eabi/lib/thumb/v7-m/nofp/libg.a(lib_a-__atexit.o)
 .ARM.attributes
                0x0000000000000368       0x1d /opt/homebrew/Cellar/arm-none-eabi-gcc/10.3-2021.07/gcc/bin/../lib/gcc/arm-none-eabi/10.3.1/thumb/v7-m/nofp/crtn.o
OUTPUT(1.elf elf32-littlearm)
LOAD linker stubs
LOAD /opt/homebrew/Cellar/arm-none-eabi-gcc/10.3-2021.07/gcc/bin/../lib/gcc/arm-none-eabi/10.3.1/../../../../arm-none-eabi/lib/thumb/v7-m/nofp/libc.a
LOAD /opt/homebrew/Cellar/arm-none-eabi-gcc/10.3-2021.07/gcc/bin/../lib/gcc/arm-none-eabi/10.3.1/../../../../arm-none-eabi/lib/thumb/v7-m/nofp/libm.a
LOAD /opt/homebrew/Cellar/arm-none-eabi-gcc/10.3-2021.07/gcc/bin/../lib/gcc/arm-none-eabi/10.3.1/thumb/v7-m/nofp/libgcc.a

.debug_info     0x0000000000000000     0x7fa2
 .debug_info    0x0000000000000000      0xaa8 CMakeFiles/1.elf.dir/Core/Src/main.c.obj
 .debug_info    0x0000000000000aa8      0x8a6 CMakeFiles/1.elf.dir/Core/Src/stm32f1xx_hal_msp.c.obj
 .debug_info    0x000000000000134e      0x130 CMakeFiles/1.elf.dir/Core/Src/stm32f1xx_it.c.obj
 .debug_info    0x000000000000147e      0x248 CMakeFiles/1.elf.dir/Core/Src/system_stm32f1xx.c.obj
 .debug_info    0x00000000000016c6       0x22 CMakeFiles/1.elf.dir/Core/Startup/startup_stm32f103zctx.s.obj
 .debug_info    0x00000000000016e8      0x80e CMakeFiles/1.elf.dir/Drivers/STM32F1xx_HAL_Driver/Src/stm32f1xx_hal.c.obj
 .debug_info    0x0000000000001ef6      0xdf0 CMakeFiles/1.elf.dir/Drivers/STM32F1xx_HAL_Driver/Src/stm32f1xx_hal_cortex.c.obj
 .debug_info    0x0000000000002ce6      0x66f CMakeFiles/1.elf.dir/Drivers/STM32F1xx_HAL_Driver/Src/stm32f1xx_hal_gpio.c.obj
 .debug_info    0x0000000000003355      0xa3b CMakeFiles/1.elf.dir/Drivers/STM32F1xx_HAL_Driver/Src/stm32f1xx_hal_rcc.c.obj
 .debug_info    0x0000000000003d90     0x4212 CMakeFiles/1.elf.dir/Drivers/STM32F1xx_HAL_Driver/Src/stm32f1xx_hal_uart.c.obj

.debug_abbrev   0x0000000000000000     0x120c
 .debug_abbrev  0x0000000000000000      0x215 CMakeFiles/1.elf.dir/Core/Src/main.c.obj
 .debug_abbrev  0x0000000000000215      0x1b7 CMakeFiles/1.elf.dir/Core/Src/stm32f1xx_hal_msp.c.obj
 .debug_abbrev  0x00000000000003cc       0x7e CMakeFiles/1.elf.dir/Core/Src/stm32f1xx_it.c.obj
 .debug_abbrev  0x000000000000044a      0x13e CMakeFiles/1.elf.dir/Core/Src/system_stm32f1xx.c.obj
 .debug_abbrev  0x0000000000000588       0x12 CMakeFiles/1.elf.dir/Core/Startup/startup_stm32f103zctx.s.obj
 .debug_abbrev  0x000000000000059a      0x1f4 CMakeFiles/1.elf.dir/Drivers/STM32F1xx_HAL_Driver/Src/stm32f1xx_hal.c.obj
 .debug_abbrev  0x000000000000078e      0x341 CMakeFiles/1.elf.dir/Drivers/STM32F1xx_HAL_Driver/Src/stm32f1xx_hal_cortex.c.obj
 .debug_abbrev  0x0000000000000acf      0x1e6 CMakeFiles/1.elf.dir/Drivers/STM32F1xx_HAL_Driver/Src/stm32f1xx_hal_gpio.c.obj
 .debug_abbrev  0x0000000000000cb5      0x27a CMakeFiles/1.elf.dir/Drivers/STM32F1xx_HAL_Driver/Src/stm32f1xx_hal_rcc.c.obj
 .debug_abbrev  0x0000000000000f2f      0x2dd CMakeFiles/1.elf.dir/Drivers/STM32F1xx_HAL_Driver/Src/stm32f1xx_hal_uart.c.obj

.debug_aranges  0x0000000000000000      0x580
 .debug_aranges
                0x0000000000000000       0x40 CMakeFiles/1.elf.dir/Core/Src/main.c.obj
 .debug_aranges
                0x0000000000000040       0x30 CMakeFiles/1.elf.dir/Core/Src/stm32f1xx_hal_msp.c.obj
 .debug_aranges
                0x0000000000000070       0x60 CMakeFiles/1.elf.dir/Core/Src/stm32f1xx_it.c.obj
 .debug_aranges
                0x00000000000000d0       0x28 CMakeFiles/1.elf.dir/Core/Src/system_stm32f1xx.c.obj
 .debug_aranges
                0x00000000000000f8       0x28 CMakeFiles/1.elf.dir/Core/Startup/startup_stm32f103zctx.s.obj
 .debug_aranges
                0x0000000000000120       0xe0 CMakeFiles/1.elf.dir/Drivers/STM32F1xx_HAL_Driver/Src/stm32f1xx_hal.c.obj
 .debug_aranges
                0x0000000000000200       0x90 CMakeFiles/1.elf.dir/Drivers/STM32F1xx_HAL_Driver/Src/stm32f1xx_hal_cortex.c.obj
 .debug_aranges
                0x0000000000000290       0x58 CMakeFiles/1.elf.dir/Drivers/STM32F1xx_HAL_Driver/Src/stm32f1xx_hal_gpio.c.obj
 .debug_aranges
                0x00000000000002e8       0x90 CMakeFiles/1.elf.dir/Drivers/STM32F1xx_HAL_Driver/Src/stm32f1xx_hal_rcc.c.obj
 .debug_aranges
                0x0000000000000378      0x208 CMakeFiles/1.elf.dir/Drivers/STM32F1xx_HAL_Driver/Src/stm32f1xx_hal_uart.c.obj

.debug_ranges   0x0000000000000000      0x580
 .debug_ranges  0x0000000000000000       0x30 CMakeFiles/1.elf.dir/Core/Src/main.c.obj
 .debug_ranges  0x0000000000000030       0x20 CMakeFiles/1.elf.dir/Core/Src/stm32f1xx_hal_msp.c.obj
 .debug_ranges  0x0000000000000050       0x50 CMakeFiles/1.elf.dir/Core/Src/stm32f1xx_it.c.obj
 .debug_ranges  0x00000000000000a0       0x18 CMakeFiles/1.elf.dir/Core/Src/system_stm32f1xx.c.obj
 .debug_ranges  0x00000000000000b8       0x20 CMakeFiles/1.elf.dir/Core/Startup/startup_stm32f103zctx.s.obj
 .debug_ranges  0x00000000000000d8       0xd0 CMakeFiles/1.elf.dir/Drivers/STM32F1xx_HAL_Driver/Src/stm32f1xx_hal.c.obj
 .debug_ranges  0x00000000000001a8       0xe0 CMakeFiles/1.elf.dir/Drivers/STM32F1xx_HAL_Driver/Src/stm32f1xx_hal_cortex.c.obj
 .debug_ranges  0x0000000000000288       0x48 CMakeFiles/1.elf.dir/Drivers/STM32F1xx_HAL_Driver/Src/stm32f1xx_hal_gpio.c.obj
 .debug_ranges  0x00000000000002d0       0xa0 CMakeFiles/1.elf.dir/Drivers/STM32F1xx_HAL_Driver/Src/stm32f1xx_hal_rcc.c.obj
 .debug_ranges  0x0000000000000370      0x210 CMakeFiles/1.elf.dir/Drivers/STM32F1xx_HAL_Driver/Src/stm32f1xx_hal_uart.c.obj

.debug_line     0x0000000000000000     0x6f7f
 .debug_line    0x0000000000000000      0x47a CMakeFiles/1.elf.dir/Core/Src/main.c.obj
 .debug_line    0x000000000000047a      0x2fb CMakeFiles/1.elf.dir/Core/Src/stm32f1xx_hal_msp.c.obj
 .debug_line    0x0000000000000775      0x1bf CMakeFiles/1.elf.dir/Core/Src/stm32f1xx_it.c.obj
 .debug_line    0x0000000000000934      0x27c CMakeFiles/1.elf.dir/Core/Src/system_stm32f1xx.c.obj
 .debug_line    0x0000000000000bb0       0xa8 CMakeFiles/1.elf.dir/Core/Startup/startup_stm32f103zctx.s.obj
 .debug_line    0x0000000000000c58      0x5ac CMakeFiles/1.elf.dir/Drivers/STM32F1xx_HAL_Driver/Src/stm32f1xx_hal.c.obj
 .debug_line    0x0000000000001204      0x693 CMakeFiles/1.elf.dir/Drivers/STM32F1xx_HAL_Driver/Src/stm32f1xx_hal_cortex.c.obj
 .debug_line    0x0000000000001897      0x64f CMakeFiles/1.elf.dir/Drivers/STM32F1xx_HAL_Driver/Src/stm32f1xx_hal_gpio.c.obj
 .debug_line    0x0000000000001ee6      0xc78 CMakeFiles/1.elf.dir/Drivers/STM32F1xx_HAL_Driver/Src/stm32f1xx_hal_rcc.c.obj
 .debug_line    0x0000000000002b5e     0x4421 CMakeFiles/1.elf.dir/Drivers/STM32F1xx_HAL_Driver/Src/stm32f1xx_hal_uart.c.obj

.debug_str      0x0000000000000000     0x1f19
 .debug_str     0x0000000000000000      0x7e3 CMakeFiles/1.elf.dir/Core/Src/main.c.obj
                                        0x882 (size before relaxing)
 .debug_str     0x00000000000007e3       0xb5 CMakeFiles/1.elf.dir/Core/Src/stm32f1xx_hal_msp.c.obj
                                        0x6e4 (size before relaxing)
 .debug_str     0x0000000000000898       0xd8 CMakeFiles/1.elf.dir/Core/Src/stm32f1xx_it.c.obj
                                        0x262 (size before relaxing)
 .debug_str     0x0000000000000970       0x9f CMakeFiles/1.elf.dir/Core/Src/system_stm32f1xx.c.obj
                                        0x294 (size before relaxing)
 .debug_str     0x0000000000000a0f       0x57 CMakeFiles/1.elf.dir/Core/Startup/startup_stm32f103zctx.s.obj
                                         0x8d (size before relaxing)
 .debug_str     0x0000000000000a66      0x6f3 CMakeFiles/1.elf.dir/Drivers/STM32F1xx_HAL_Driver/Src/stm32f1xx_hal.c.obj
                                        0x948 (size before relaxing)
 .debug_str     0x0000000000001159      0x3e6 CMakeFiles/1.elf.dir/Drivers/STM32F1xx_HAL_Driver/Src/stm32f1xx_hal_cortex.c.obj
                                        0x9f7 (size before relaxing)
 .debug_str     0x000000000000153f      0x13b CMakeFiles/1.elf.dir/Drivers/STM32F1xx_HAL_Driver/Src/stm32f1xx_hal_gpio.c.obj
                                        0x440 (size before relaxing)
 .debug_str     0x000000000000167a      0x215 CMakeFiles/1.elf.dir/Drivers/STM32F1xx_HAL_Driver/Src/stm32f1xx_hal_rcc.c.obj
                                        0x66b (size before relaxing)
 .debug_str     0x000000000000188f      0x68a CMakeFiles/1.elf.dir/Drivers/STM32F1xx_HAL_Driver/Src/stm32f1xx_hal_uart.c.obj
                                        0xd34 (size before relaxing)

.comment        0x0000000000000000       0x49
 .comment       0x0000000000000000       0x49 CMakeFiles/1.elf.dir/Core/Src/main.c.obj
                                         0x4a (size before relaxing)
 .comment       0x0000000000000049       0x4a CMakeFiles/1.elf.dir/Core/Src/stm32f1xx_hal_msp.c.obj
 .comment       0x0000000000000049       0x4a CMakeFiles/1.elf.dir/Core/Src/stm32f1xx_it.c.obj
 .comment       0x0000000000000049       0x4a CMakeFiles/1.elf.dir/Core/Src/system_stm32f1xx.c.obj
 .comment       0x0000000000000049       0x4a CMakeFiles/1.elf.dir/Drivers/STM32F1xx_HAL_Driver/Src/stm32f1xx_hal.c.obj
 .comment       0x0000000000000049       0x4a CMakeFiles/1.elf.dir/Drivers/STM32F1xx_HAL_Driver/Src/stm32f1xx_hal_cortex.c.obj
 .comment       0x0000000000000049       0x4a CMakeFiles/1.elf.dir/Drivers/STM32F1xx_HAL_Driver/Src/stm32f1xx_hal_gpio.c.obj
 .comment       0x0000000000000049       0x4a CMakeFiles/1.elf.dir/Drivers/STM32F1xx_HAL_Driver/Src/stm32f1xx_hal_rcc.c.obj
 .comment       0x0000000000000049       0x4a CMakeFiles/1.elf.dir/Drivers/STM32F1xx_HAL_Driver/Src/stm32f1xx_hal_uart.c.obj

.debug_frame    0x0000000000000000      0xed8
 .debug_frame   0x0000000000000000       0x90 CMakeFiles/1.elf.dir/Core/Src/main.c.obj
 .debug_frame   0x0000000000000090       0x60 CMakeFiles/1.elf.dir/Core/Src/stm32f1xx_hal_msp.c.obj
 .debug_frame   0x00000000000000f0       0xa8 CMakeFiles/1.elf.dir/Core/Src/stm32f1xx_it.c.obj
 .debug_frame   0x0000000000000198       0x30 CMakeFiles/1.elf.dir/Core/Src/system_stm32f1xx.c.obj
 .debug_frame   0x00000000000001c8      0x1cc CMakeFiles/1.elf.dir/Drivers/STM32F1xx_HAL_Driver/Src/stm32f1xx_hal.c.obj
 .debug_frame   0x0000000000000394      0x118 CMakeFiles/1.elf.dir/Drivers/STM32F1xx_HAL_Driver/Src/stm32f1xx_hal_cortex.c.obj
 .debug_frame   0x00000000000004ac       0xe4 CMakeFiles/1.elf.dir/Drivers/STM32F1xx_HAL_Driver/Src/stm32f1xx_hal_gpio.c.obj
 .debug_frame   0x0000000000000590      0x184 CMakeFiles/1.elf.dir/Drivers/STM32F1xx_HAL_Driver/Src/stm32f1xx_hal_rcc.c.obj
 .debug_frame   0x0000000000000714      0x5d8 CMakeFiles/1.elf.dir/Drivers/STM32F1xx_HAL_Driver/Src/stm32f1xx_hal_uart.c.obj
 .debug_frame   0x0000000000000cec       0x2c /opt/homebrew/Cellar/arm-none-eabi-gcc/10.3-2021.07/gcc/bin/../lib/gcc/arm-none-eabi/10.3.1/../../../../arm-none-eabi/lib/thumb/v7-m/nofp/libg.a(lib_a-init.o)
 .debug_frame   0x0000000000000d18       0x2c /opt/homebrew/Cellar/arm-none-eabi-gcc/10.3-2021.07/gcc/bin/../lib/gcc/arm-none-eabi/10.3.1/../../../../arm-none-eabi/lib/thumb/v7-m/nofp/libg.a(lib_a-memset.o)
 .debug_frame   0x0000000000000d44       0x5c /opt/homebrew/Cellar/arm-none-eabi-gcc/10.3-2021.07/gcc/bin/../lib/gcc/arm-none-eabi/10.3.1/../../../../arm-none-eabi/lib/thumb/v7-m/nofp/libg.a(lib_a-__call_atexit.o)
 .debug_frame   0x0000000000000da0       0x20 /opt/homebrew/Cellar/arm-none-eabi-gcc/10.3-2021.07/gcc/bin/../lib/gcc/arm-none-eabi/10.3.1/../../../../arm-none-eabi/lib/thumb/v7-m/nofp/libg.a(lib_a-atexit.o)
 .debug_frame   0x0000000000000dc0       0x34 /opt/homebrew/Cellar/arm-none-eabi-gcc/10.3-2021.07/gcc/bin/../lib/gcc/arm-none-eabi/10.3.1/../../../../arm-none-eabi/lib/thumb/v7-m/nofp/libg.a(lib_a-fini.o)
 .debug_frame   0x0000000000000df4       0xb0 /opt/homebrew/Cellar/arm-none-eabi-gcc/10.3-2021.07/gcc/bin/../lib/gcc/arm-none-eabi/10.3.1/../../../../arm-none-eabi/lib/thumb/v7-m/nofp/libg.a(lib_a-lock.o)
 .debug_frame   0x0000000000000ea4       0x34 /opt/homebrew/Cellar/arm-none-eabi-gcc/10.3-2021.07/gcc/bin/../lib/gcc/arm-none-eabi/10.3.1/../../../../arm-none-eabi/lib/thumb/v7-m/nofp/libg.a(lib_a-__atexit.o)

.debug_loc      0x0000000000000000     0x5d08
 .debug_loc     0x0000000000000000       0x99 CMakeFiles/1.elf.dir/Core/Src/stm32f1xx_hal_msp.c.obj
 .debug_loc     0x0000000000000099       0xff CMakeFiles/1.elf.dir/Core/Src/system_stm32f1xx.c.obj
 .debug_loc     0x0000000000000198      0x141 CMakeFiles/1.elf.dir/Drivers/STM32F1xx_HAL_Driver/Src/stm32f1xx_hal.c.obj
 .debug_loc     0x00000000000002d9      0x71f CMakeFiles/1.elf.dir/Drivers/STM32F1xx_HAL_Driver/Src/stm32f1xx_hal_cortex.c.obj
 .debug_loc     0x00000000000009f8      0x47d CMakeFiles/1.elf.dir/Drivers/STM32F1xx_HAL_Driver/Src/stm32f1xx_hal_gpio.c.obj
 .debug_loc     0x0000000000000e75      0x618 CMakeFiles/1.elf.dir/Drivers/STM32F1xx_HAL_Driver/Src/stm32f1xx_hal_rcc.c.obj
 .debug_loc     0x000000000000148d     0x487b CMakeFiles/1.elf.dir/Drivers/STM32F1xx_HAL_Driver/Src/stm32f1xx_hal_uart.c.obj
